
> gestor-coc@0.0.0 build
> ng build

[33m❯[39m Building...
[32m✔[39m Building...
[1mInitial chunk files[22m[2m | [22m[1mNames[22m        [2m | [22m [1mRaw size[22m[2m | [22m[1mEstimated transfer size[22m
[32mmain-7LX3WHN7.js[39m   [2m | [22m[2mmain[22m         [2m | [22m[36m550.76 kB[39m[2m | [22m              [36m131.95 kB[39m
[32mstyles-3MQIP4D2.css[39m[2m | [22m[2mstyles[22m       [2m | [22m [36m44.39 kB[39m[2m | [22m                [36m6.65 kB[39m

[1m [22m                  [2m | [22m[1mInitial total[22m[2m | [22m[1m[93m595.15 kB[39m[22m[2m | [22m              [1m138.60 kB[22m

Application bundle generation complete. [6.239 seconds] - 2026-02-24T20:06:24.030Z

node.exe : [1m[33m[33m▲ [43;33m[
[43;30mWARNING[43;33m][0m 
[1mbundle initial exceeded maximum 
budget. Budget 500.00 kB was not 
met by 95.15 kB with a total of 
595.15 kB.[0m
At C:\Program 
Files\nodejs\npm.ps1:29 char:3
+   & $NODE_EXE $NPM_CLI_JS $args
+   ~~~~~~~~~~~~~~~~~~~~~~~~~~~~~
    + CategoryInfo          : NotSp 
   ecified: ([1m[33m[33m▲... 59  
  5.15 kB.[0m:String) [], Remote   
 Exception
    + FullyQualifiedErrorId : Nativ 
   eCommandError
 


[33m▲ [43;33m[[43;30mWARNING[43;
33m][0m [1mModule 'crypto-js' 
used by 
'src/app/services/hash.service.ts' 
is not ESM[0m

  CommonJS or AMD dependencies can 
cause optimization bailouts.
  For more information see: [4mhttp
s://angular.dev/tools/cli/build#conf
iguring-commonjs-dependencies[0m

[39m[22m
Output location: C:\Repositorio\gestorcoc\frontend\dist\gestor-coc

